---
source: tests/integration_test.rs
expression: messages
---
[
  Issue(
    type: "issue",
    id: "[uuid]",
    title: "coronvorus bad??",
    description: "yes or yes",
    state: Some(inprogress),
    alternatives: [
      Alternative(
        id: "[uuid]",
        title: "yes",
      ),
      Alternative(
        id: "[uuid]",
        title: "other yes",
      ),
      Alternative(
        id: "[uuid]",
        title: "my name is trump i have control",
      ),
    ],
    votes: Some([]),
    max_voters: Some(10),
    show_distribution: true,
  ),
]
